export const snapshot = {};

snapshot[`Button > snapshot > default 1`] = `'<button data-md="button" data-size="small" data-shape="round" data-color="filled"><span data-host=""><template shadowrootmode="open"><slot name="icon" part="icon"></slot><slot part="label"></slot></template></span></button>'`;
