export const snapshot = {};

snapshot[`ExtendedFab > snapshot > default 1`] = `'<button type="button" data-md="extended-fab" data-size="small" data-color="primary-container"><span data-host=""><template shadowrootmode="open"><slot part="icon" name="icon"></slot><slot part="label"></slot></template><template></template></span></button>'`;
